error: embedded manifest `$DIR/ui_test_backtrace.rs` requires `-Zscript`
